[INFO :: (2021-01-12 18:19:55,100)]: Crawling on all targets
[INFO :: (2021-01-12 18:20:04,735)]: Sending URL to scraper
[INFO :: (2021-01-12 18:20:12,059)]: Successfully scraped a thread
[INFO :: (2021-01-12 18:21:24,531)]: Crawling on all targets
